
> biblioteca-pessoal@0.0.0 test:run
> vitest run


[1m[30m[46m RUN [49m[39m[22m [36mv4.1.6 [39m[90mC:/Users/Tim├úo/OneDrive/Documents/GitHub/biblioteca-pessoal/frontend[39m

 [31mÔØ»[39m src/services/__tests__/authService.test.js [2m([22m[2m13 tests[22m[2m | [22m[31m3 failed[39m[2m)[22m[32m 77[2mms[22m[39m
[31m     [31m├ù[31m login() com credenciais v├ílidas[39m[32m 19[2mms[22m[39m
       [32mÔ£ô[39m deve falhar com credenciais: {"email":"","senha":"password123"}[32m 5[2mms[22m[39m
       [32mÔ£ô[39m deve falhar com credenciais: {"email":"test@example.com","senha":""}[32m 2[2mms[22m[39m
       [32mÔ£ô[39m deve falhar com credenciais: {"email":"invalid","senha":"123"}[32m 2[2mms[22m[39m
       [32mÔ£ô[39m deve falhar com credenciais: {"email":"","senha":""}[32m 3[2mms[22m[39m
[31m     [31m├ù[31m register() com dados v├ílidos[39m[32m 2[2mms[22m[39m
     [32mÔ£ô[39m register() com email duplicado[32m 2[2mms[22m[39m
       [32mÔ£ô[39m deve falhar com payload: {"nome":"","email":"novo@example.com","senha":"123"}[32m 3[2mms[22m[39m
       [32mÔ£ô[39m deve falhar com payload: {"nome":"Novo","email":"","senha":"123"}[32m 3[2mms[22m[39m
       [32mÔ£ô[39m deve falhar com payload: {"nome":"Novo","email":"novo@example.com","senha":""}[32m 3[2mms[22m[39m
[31m     [31m├ù[31m getMe() com token v├ílido[39m[32m 4[2mms[22m[39m
     [32mÔ£ô[39m getMe() sem token[32m 2[2mms[22m[39m
     [32mÔ£ô[39m getMe() com token expirado[32m 13[2mms[22m[39m
 [31mÔØ»[39m src/contexts/__tests__/AuthContext.test.jsx [2m([22m[2m8 tests[22m[2m | [22m[31m8 failed[39m[2m)[22m[32m 101[2mms[22m[39m
[31m     [31m├ù[31m Estado inicial sem usu├írio/token[39m[32m 44[2mms[22m[39m
[31m     [31m├ù[31m Restaura├º├úo de sess├úo do localStorage com token v├ílido[39m[32m 5[2mms[22m[39m
[31m     [31m├ù[31m Restaura├º├úo falha com token inv├ílido (limpa o localStorage)[39m[32m 5[2mms[22m[39m
[31m     [31m├ù[31m Login bem-sucedido (preenche user e token)[39m[32m 12[2mms[22m[39m
[31m     [31m├ù[31m Login com credenciais inv├ílidas (n├úo altera estado)[39m[32m 6[2mms[22m[39m
[31m     [31m├ù[31m Logout (limpa user, token e localStorage)[39m[32m 3[2mms[22m[39m
[31m     [31m├ù[31m Cadastro bem-sucedido[39m[32m 7[2mms[22m[39m
[31m     [31m├ù[31m Cadastro com email duplicado (lan├ºa erro)[39m[32m 7[2mms[22m[39m
 [31mÔØ»[39m src/pages/auth/__tests__/LoginPage.test.jsx [2m([22m[2m7 tests[22m[2m | [22m[31m6 failed[39m[2m)[22m[33m 510[2mms[22m[39m
[31m     [31m├ù[31m Renderiza campos e bot├úo[39m[32m 118[2mms[22m[39m
[31m     [31m├ù[31m Valida├º├Áes parametrizadas (email vazio, senha vazia)[39m[32m 300[2mms[22m[39m
[31m     [31m├ù[31m Login bem-sucedido redireciona para dashboard[39m[32m 14[2mms[22m[39m
[31m     [31m├ù[31m Erro 401 exibe mensagem de erro[39m[32m 12[2mms[22m[39m
[31m     [31m├ù[31m Erro 503 exibe mensagem gen├®rica de erro[39m[32m 13[2mms[22m[39m
[31m     [31m├ù[31m Bot├úo desabilitado durante loading[39m[32m 12[2mms[22m[39m
     [32mÔ£ô[39m Link para cadastro funciona (presen├ºa do link)[32m 31[2mms[22m[39m
 [31mÔØ»[39m src/pages/auth/books/__tests__/EditBookPage.test.jsx [2m([22m[2m3 tests[22m[2m | [22m[31m1 failed[39m[2m)[22m[32m 256[2mms[22m[39m
     [32mÔ£ô[39m Modo edi├º├úo: campos pr├®-preenchidos com dados da API[32m 140[2mms[22m[39m
[31m     [31m├ù[31m Edi├º├úo bem-sucedida redireciona para detalhes[39m[32m 65[2mms[22m[39m
     [32mÔ£ô[39m Livro inexistente exibe erro[32m 38[2mms[22m[39m
 [31mÔØ»[39m src/pages/auth/books/__tests__/BookDetailsPage.test.jsx [2m([22m[2m3 tests[22m[2m | [22m[31m1 failed[39m[2m)[22m[33m 773[2mms[22m[39m
[31m     [31m├ù[31m Deleta livro e remove da lista (redireciona)[39m[33m 450[2mms[22m[39m
     [32mÔ£ô[39m Cancela dele├º├úo mant├®m livro (modal fecha)[32m 158[2mms[22m[39m
     [32mÔ£ô[39m Erro na dele├º├úo exibe alerta[32m 150[2mms[22m[39m
 [31mÔØ»[39m src/pages/auth/books/__tests__/CreateBookPage.test.jsx [2m([22m[2m4 tests[22m[2m | [22m[31m2 failed[39m[2m)[22m[33m 996[2mms[22m[39m
     [33m[2mÔ£ô[22m[39m Modo pesquisa e cria├º├úo: sucesso na pesquisa e cadastro redireciona para lista [33m 642[2mms[22m[39m
     [32mÔ£ô[39m Modo cria├º├úo manual: campos vazios exibem erro[32m 141[2mms[22m[39m
[31m     [31m├ù[31m Modo cria├º├úo manual: sucesso[39m[32m 102[2mms[22m[39m
[31m     [31m├ù[31m Erro 500 ao salvar exibe alerta[39m[32m 99[2mms[22m[39m
 [31mÔØ»[39m src/services/__tests__/bookService.test.js [2m([22m[2m14 tests[22m[2m | [22m[31m8 failed[39m[2m)[22m[32m 47[2mms[22m[39m
[31m     [31m├ù[31m getAll() retorna lista[39m[32m 10[2mms[22m[39m
     [32mÔ£ô[39m getAll() sem token (erro 401)[32m 5[2mms[22m[39m
     [32mÔ£ô[39m getAll() com erro 500[32m 3[2mms[22m[39m
[31m     [31m├ù[31m getById() com ID v├ílido[39m[32m 2[2mms[22m[39m
     [32mÔ£ô[39m getById() com ID inexistente (erro 404)[32m 2[2mms[22m[39m
[31m     [31m├ù[31m create() com dados v├ílidos[39m[32m 2[2mms[22m[39m
     [32mÔ£ô[39m create() sem campos obrigat├│rios (erro 400)[32m 2[2mms[22m[39m
[31m     [31m├ù[31m update() com dados v├ílidos[39m[32m 2[2mms[22m[39m
     [32mÔ£ô[39m update() com ID inexistente[32m 2[2mms[22m[39m
[31m     [31m├ù[31m remove() com ID v├ílido[39m[32m 2[2mms[22m[39m
     [32mÔ£ô[39m remove() com ID inexistente[32m 2[2mms[22m[39m
[31m       [31m├ù[31m busca com query "External" deve retornar 1 resultados[39m[32m 3[2mms[22m[39m
[31m       [31m├ù[31m busca com query "external" deve retornar 1 resultados[39m[32m 1[2mms[22m[39m
[31m       [31m├ù[31m busca com query "notfound" deve retornar 0 resultados[39m[32m 1[2mms[22m[39m
 [32mÔ£ô[39m src/routes/__tests__/ProtectedRoute.test.jsx [2m([22m[2m3 tests[22m[2m)[22m[32m 65[2mms[22m[39m
 [32mÔ£ô[39m src/pages/auth/books/__tests__/BooksPage.test.jsx [2m([22m[2m6 tests[22m[2m)[22m[32m 260[2mms[22m[39m
 [31mÔØ»[39m src/pages/auth/__tests__/RegisterPage.test.jsx [2m([22m[2m5 tests[22m[2m | [22m[31m5 failed[39m[2m)[22m[33m 5184[2mms[22m[39m
[31m     [31m├ù[31m Renderiza campos e bot├úo[39m[32m 126[2mms[22m[39m
[31m     [31m├ù[31m Valida├º├Áes parametrizadas (campos vazios, senhas n├úo coincidem)[39m[33m 5027[2mms[22m[39m
[31m     [31m├ù[31m Cadastro bem-sucedido exibe mensagem e redireciona[39m[32m 8[2mms[22m[39m
[31m     [31m├ù[31m Email duplicado exibe erro[39m[32m 6[2mms[22m[39m
[31m     [31m├ù[31m Erro 500 exibe erro gen├®rico[39m[32m 7[2mms[22m[39m

[2m Test Files [22m [1m[31m8 failed[39m[22m[2m | [22m[1m[32m2 passed[39m[22m[90m (10)[39m
[2m      Tests [22m [1m[31m34 failed[39m[22m[2m | [22m[1m[32m32 passed[39m[22m[90m (66)[39m
[2m   Start at [22m 23:15:15
[2m   Duration [22m 9.78s[2m (transform 2.26s, setup 7.04s, import 8.33s, tests 8.27s, environment 22.78s)[22m

